<?xml version="1.0"?>
<link_info>
   <banner>TMS320C2000 Linker Unix v6.4.6</banner>
   <copyright>Copyright (c) 1996-2015 Texas Instruments Incorporated</copyright>
   <link_time>0x561cf796</link_time>
   <link_errors>0x0</link_errors>
   <output_file>regulation-robot.out</output_file>
   <entry_point>
      <name>_c_int00</name>
      <address>0x87f9</address>
   </entry_point>
   <input_file_list>
      <input_file id="fl-2">
         <path>./</path>
         <kind>object</kind>
         <file>DCL_PI.obj</file>
         <name>DCL_PI.obj</name>
      </input_file>
      <input_file id="fl-3">
         <path>./</path>
         <kind>object</kind>
         <file>DCL_PI_CLA.obj</file>
         <name>DCL_PI_CLA.obj</name>
      </input_file>
      <input_file id="fl-4">
         <path>./</path>
         <kind>object</kind>
         <file>F2806x_Adc.obj</file>
         <name>F2806x_Adc.obj</name>
      </input_file>
      <input_file id="fl-5">
         <path>./</path>
         <kind>object</kind>
         <file>F2806x_CSMPasswords.obj</file>
         <name>F2806x_CSMPasswords.obj</name>
      </input_file>
      <input_file id="fl-6">
         <path>./</path>
         <kind>object</kind>
         <file>F2806x_CodeStartBranch.obj</file>
         <name>F2806x_CodeStartBranch.obj</name>
      </input_file>
      <input_file id="fl-7">
         <path>./</path>
         <kind>object</kind>
         <file>F2806x_Comp.obj</file>
         <name>F2806x_Comp.obj</name>
      </input_file>
      <input_file id="fl-8">
         <path>./</path>
         <kind>object</kind>
         <file>F2806x_CpuTimers.obj</file>
         <name>F2806x_CpuTimers.obj</name>
      </input_file>
      <input_file id="fl-9">
         <path>./</path>
         <kind>object</kind>
         <file>F2806x_DBGIER.obj</file>
         <name>F2806x_DBGIER.obj</name>
      </input_file>
      <input_file id="fl-a">
         <path>./</path>
         <kind>object</kind>
         <file>F2806x_DefaultIsr.obj</file>
         <name>F2806x_DefaultIsr.obj</name>
      </input_file>
      <input_file id="fl-b">
         <path>./</path>
         <kind>object</kind>
         <file>F2806x_DisInt.obj</file>
         <name>F2806x_DisInt.obj</name>
      </input_file>
      <input_file id="fl-c">
         <path>./</path>
         <kind>object</kind>
         <file>F2806x_Dma.obj</file>
         <name>F2806x_Dma.obj</name>
      </input_file>
      <input_file id="fl-d">
         <path>./</path>
         <kind>object</kind>
         <file>F2806x_ECan.obj</file>
         <name>F2806x_ECan.obj</name>
      </input_file>
      <input_file id="fl-e">
         <path>./</path>
         <kind>object</kind>
         <file>F2806x_ECap.obj</file>
         <name>F2806x_ECap.obj</name>
      </input_file>
      <input_file id="fl-f">
         <path>./</path>
         <kind>object</kind>
         <file>F2806x_EPwm.obj</file>
         <name>F2806x_EPwm.obj</name>
      </input_file>
      <input_file id="fl-10">
         <path>./</path>
         <kind>object</kind>
         <file>F2806x_EQep.obj</file>
         <name>F2806x_EQep.obj</name>
      </input_file>
      <input_file id="fl-11">
         <path>./</path>
         <kind>object</kind>
         <file>F2806x_GlobalVariableDefs.obj</file>
         <name>F2806x_GlobalVariableDefs.obj</name>
      </input_file>
      <input_file id="fl-12">
         <path>./</path>
         <kind>object</kind>
         <file>F2806x_Gpio.obj</file>
         <name>F2806x_Gpio.obj</name>
      </input_file>
      <input_file id="fl-13">
         <path>./</path>
         <kind>object</kind>
         <file>F2806x_HRCap.obj</file>
         <name>F2806x_HRCap.obj</name>
      </input_file>
      <input_file id="fl-14">
         <path>./</path>
         <kind>object</kind>
         <file>F2806x_I2C.obj</file>
         <name>F2806x_I2C.obj</name>
      </input_file>
      <input_file id="fl-15">
         <path>./</path>
         <kind>object</kind>
         <file>F2806x_Mcbsp.obj</file>
         <name>F2806x_Mcbsp.obj</name>
      </input_file>
      <input_file id="fl-16">
         <path>./</path>
         <kind>object</kind>
         <file>F2806x_MemCopy.obj</file>
         <name>F2806x_MemCopy.obj</name>
      </input_file>
      <input_file id="fl-17">
         <path>./</path>
         <kind>object</kind>
         <file>F2806x_OscComp.obj</file>
         <name>F2806x_OscComp.obj</name>
      </input_file>
      <input_file id="fl-18">
         <path>./</path>
         <kind>object</kind>
         <file>F2806x_PieCtrl.obj</file>
         <name>F2806x_PieCtrl.obj</name>
      </input_file>
      <input_file id="fl-19">
         <path>./</path>
         <kind>object</kind>
         <file>F2806x_PieVect.obj</file>
         <name>F2806x_PieVect.obj</name>
      </input_file>
      <input_file id="fl-1a">
         <path>./</path>
         <kind>object</kind>
         <file>F2806x_Sci.obj</file>
         <name>F2806x_Sci.obj</name>
      </input_file>
      <input_file id="fl-1b">
         <path>./</path>
         <kind>object</kind>
         <file>F2806x_Spi.obj</file>
         <name>F2806x_Spi.obj</name>
      </input_file>
      <input_file id="fl-1c">
         <path>./</path>
         <kind>object</kind>
         <file>F2806x_SysCtrl.obj</file>
         <name>F2806x_SysCtrl.obj</name>
      </input_file>
      <input_file id="fl-1d">
         <path>./</path>
         <kind>object</kind>
         <file>F2806x_TempSensorConv.obj</file>
         <name>F2806x_TempSensorConv.obj</name>
      </input_file>
      <input_file id="fl-1e">
         <path>./</path>
         <kind>object</kind>
         <file>F2806x_usDelay.obj</file>
         <name>F2806x_usDelay.obj</name>
      </input_file>
      <input_file id="fl-1f">
         <path>./</path>
         <kind>object</kind>
         <file>MiscFunctions.obj</file>
         <name>MiscFunctions.obj</name>
      </input_file>
      <input_file id="fl-20">
         <path>./</path>
         <kind>object</kind>
         <file>MonEPwm.obj</file>
         <name>MonEPwm.obj</name>
      </input_file>
      <input_file id="fl-21">
         <path>./</path>
         <kind>object</kind>
         <file>MonEQep.obj</file>
         <name>MonEQep.obj</name>
      </input_file>
      <input_file id="fl-22">
         <path>./</path>
         <kind>object</kind>
         <file>MonSPI.obj</file>
         <name>MonSPI.obj</name>
      </input_file>
      <input_file id="fl-23">
         <path>./</path>
         <kind>object</kind>
         <file>main.obj</file>
         <name>main.obj</name>
      </input_file>
      <input_file id="fl-2e">
         <path>/opt/ti/ccsv6/tools/compiler/ti-cgt-c2000_6.4.6/lib/</path>
         <kind>archive</kind>
         <file>rts2800_fpu32.lib</file>
         <name>boot.obj</name>
      </input_file>
      <input_file id="fl-2f">
         <path>/opt/ti/ccsv6/tools/compiler/ti-cgt-c2000_6.4.6/lib/</path>
         <kind>archive</kind>
         <file>rts2800_fpu32.lib</file>
         <name>exit.obj</name>
      </input_file>
      <input_file id="fl-30">
         <path>/opt/ti/ccsv6/tools/compiler/ti-cgt-c2000_6.4.6/lib/</path>
         <kind>archive</kind>
         <file>rts2800_fpu32.lib</file>
         <name>_lock.obj</name>
      </input_file>
      <input_file id="fl-31">
         <path>/opt/ti/ccsv6/tools/compiler/ti-cgt-c2000_6.4.6/lib/</path>
         <kind>archive</kind>
         <file>rts2800_fpu32.lib</file>
         <name>args_main.obj</name>
      </input_file>
   </input_file_list>
   <object_component_list>
      <object_component id="oc-64">
         <name>codestart</name>
         <load_address>0x0</load_address>
         <run_address>0x0</run_address>
         <size>0x2</size>
         <input_file_ref idref="fl-6"/>
      </object_component>
      <object_component id="oc-115">
         <name>ramfuncs</name>
         <load_address>0x66</load_address>
         <run_address>0x66</run_address>
         <size>0x4</size>
         <input_file_ref idref="fl-1e"/>
      </object_component>
      <object_component id="oc-7a">
         <name>.text:retain</name>
         <load_address>0x8000</load_address>
         <run_address>0x8000</run_address>
         <size>0x39b</size>
         <input_file_ref idref="fl-a"/>
      </object_component>
      <object_component id="oc-154">
         <name>.text</name>
         <load_address>0x839b</load_address>
         <run_address>0x839b</run_address>
         <size>0x188</size>
         <input_file_ref idref="fl-1c"/>
      </object_component>
      <object_component id="oc-15b">
         <name>.text</name>
         <load_address>0x8523</load_address>
         <run_address>0x8523</run_address>
         <size>0xd8</size>
         <input_file_ref idref="fl-f"/>
      </object_component>
      <object_component id="oc-12a">
         <name>.text:retain</name>
         <load_address>0x85fb</load_address>
         <run_address>0x85fb</run_address>
         <size>0xbf</size>
         <input_file_ref idref="fl-22"/>
      </object_component>
      <object_component id="oc-158">
         <name>.text</name>
         <load_address>0x86ba</load_address>
         <run_address>0x86ba</run_address>
         <size>0x80</size>
         <input_file_ref idref="fl-20"/>
      </object_component>
      <object_component id="oc-157">
         <name>.text</name>
         <load_address>0x873a</load_address>
         <run_address>0x873a</run_address>
         <size>0x75</size>
         <input_file_ref idref="fl-21"/>
      </object_component>
      <object_component id="oc-15c">
         <name>.text</name>
         <load_address>0x87af</load_address>
         <run_address>0x87af</run_address>
         <size>0x4a</size>
         <input_file_ref idref="fl-1b"/>
      </object_component>
      <object_component id="oc-50">
         <name>.text</name>
         <load_address>0x87f9</load_address>
         <run_address>0x87f9</run_address>
         <size>0x46</size>
         <input_file_ref idref="fl-2e"/>
      </object_component>
      <object_component id="oc-159">
         <name>.text</name>
         <load_address>0x883f</load_address>
         <run_address>0x883f</run_address>
         <size>0x39</size>
         <input_file_ref idref="fl-22"/>
      </object_component>
      <object_component id="oc-155">
         <name>.text</name>
         <load_address>0x8878</load_address>
         <run_address>0x8878</run_address>
         <size>0x28</size>
         <input_file_ref idref="fl-18"/>
      </object_component>
      <object_component id="oc-156">
         <name>.text</name>
         <load_address>0x88a0</load_address>
         <run_address>0x88a0</run_address>
         <size>0x28</size>
         <input_file_ref idref="fl-19"/>
      </object_component>
      <object_component id="oc-151">
         <name>.text</name>
         <load_address>0x88c8</load_address>
         <run_address>0x88c8</run_address>
         <size>0x19</size>
         <input_file_ref idref="fl-1f"/>
      </object_component>
      <object_component id="oc-14c">
         <name>.text</name>
         <load_address>0x88e1</load_address>
         <run_address>0x88e1</run_address>
         <size>0x19</size>
         <input_file_ref idref="fl-31"/>
      </object_component>
      <object_component id="oc-14d">
         <name>.text</name>
         <load_address>0x88fa</load_address>
         <run_address>0x88fa</run_address>
         <size>0x19</size>
         <input_file_ref idref="fl-2f"/>
      </object_component>
      <object_component id="oc-14e">
         <name>.text</name>
         <load_address>0x8913</load_address>
         <run_address>0x8913</run_address>
         <size>0x11</size>
         <input_file_ref idref="fl-23"/>
      </object_component>
      <object_component id="oc-152">
         <name>.text</name>
         <load_address>0x8924</load_address>
         <run_address>0x8924</run_address>
         <size>0x9</size>
         <input_file_ref idref="fl-30"/>
      </object_component>
      <object_component id="oc-63">
         <name>.text</name>
         <load_address>0x892d</load_address>
         <run_address>0x892d</run_address>
         <size>0x8</size>
         <input_file_ref idref="fl-6"/>
      </object_component>
      <object_component id="oc-7f">
         <name>.text</name>
         <load_address>0x8935</load_address>
         <run_address>0x8935</run_address>
         <size>0x7</size>
         <input_file_ref idref="fl-b"/>
      </object_component>
      <object_component id="oc-74">
         <name>.text</name>
         <load_address>0x893c</load_address>
         <run_address>0x893c</run_address>
         <size>0x3</size>
         <input_file_ref idref="fl-9"/>
      </object_component>
      <object_component id="oc-13c">
         <name>.cinit</name>
         <load_address>0x50</load_address>
         <run_address>0x50</run_address>
         <size>0xa</size>
         <input_file_ref idref="fl-2f"/>
      </object_component>
      <object_component id="oc-150">
         <name>.cinit:__lock</name>
         <load_address>0x5a</load_address>
         <run_address>0x5a</run_address>
         <size>0x5</size>
         <input_file_ref idref="fl-30"/>
      </object_component>
      <object_component id="oc-153">
         <name>.cinit:__unlock</name>
         <load_address>0x5f</load_address>
         <run_address>0x5f</run_address>
         <size>0x5</size>
         <input_file_ref idref="fl-30"/>
      </object_component>
      <object_component id="oc-136">
         <name>.reset</name>
         <load_address>0x3fffc0</load_address>
         <run_address>0x3fffc0</run_address>
         <size>0x2</size>
         <input_file_ref idref="fl-2e"/>
      </object_component>
      <object_component id="oc-135">
         <name>.stack</name>
         <uninitialized>true</uninitialized>
         <run_address>0x400</run_address>
         <size>0x0</size>
         <input_file_ref idref="fl-2e"/>
      </object_component>
      <object_component id="oc-1bd">
         <name>.stack</name>
         <uninitialized>true</uninitialized>
         <run_address>0x400</run_address>
         <size>0x0</size>
      </object_component>
      <object_component id="oc-6f">
         <name>.ebss</name>
         <uninitialized>true</uninitialized>
         <run_address>0xa11e</run_address>
         <size>0x18</size>
         <input_file_ref idref="fl-8"/>
      </object_component>
      <object_component id="oc-130">
         <name>.ebss</name>
         <uninitialized>true</uninitialized>
         <run_address>0xa100</run_address>
         <size>0x1e</size>
         <input_file_ref idref="fl-23"/>
      </object_component>
      <object_component id="oc-13d">
         <name>.ebss</name>
         <uninitialized>true</uninitialized>
         <run_address>0xa136</run_address>
         <size>0x4</size>
         <input_file_ref idref="fl-2f"/>
      </object_component>
      <object_component id="oc-15a">
         <name>.ebss:__unlock</name>
         <uninitialized>true</uninitialized>
         <run_address>0xa13c</run_address>
         <size>0x2</size>
         <input_file_ref idref="fl-30"/>
      </object_component>
      <object_component id="oc-14f">
         <name>.ebss:__lock</name>
         <uninitialized>true</uninitialized>
         <run_address>0xa13a</run_address>
         <size>0x2</size>
         <input_file_ref idref="fl-30"/>
      </object_component>
      <object_component id="oc-fc">
         <name>.econst</name>
         <load_address>0xa000</load_address>
         <run_address>0xa000</run_address>
         <size>0x100</size>
         <input_file_ref idref="fl-19"/>
      </object_component>
      <object_component id="oc-d4">
         <name>PieVectTableFile</name>
         <uninitialized>true</uninitialized>
         <run_address>0xd00</run_address>
         <size>0x100</size>
         <input_file_ref idref="fl-11"/>
      </object_component>
      <object_component id="oc-9f">
         <name>EmuKeyVar</name>
         <uninitialized>true</uninitialized>
         <run_address>0xd00</run_address>
         <size>0x1</size>
         <input_file_ref idref="fl-11"/>
      </object_component>
      <object_component id="oc-a0">
         <name>EmuBModeVar</name>
         <uninitialized>true</uninitialized>
         <run_address>0xd01</run_address>
         <size>0x1</size>
         <input_file_ref idref="fl-11"/>
      </object_component>
      <object_component id="oc-a1">
         <name>FlashCallbackVar</name>
         <uninitialized>true</uninitialized>
         <run_address>0xd02</run_address>
         <size>0x2</size>
         <input_file_ref idref="fl-11"/>
      </object_component>
      <object_component id="oc-a2">
         <name>FlashScalingVar</name>
         <uninitialized>true</uninitialized>
         <run_address>0xd04</run_address>
         <size>0x2</size>
         <input_file_ref idref="fl-11"/>
      </object_component>
      <object_component id="oc-a4">
         <name>DevEmuRegsFile</name>
         <uninitialized>true</uninitialized>
         <run_address>0x880</run_address>
         <size>0x4</size>
         <input_file_ref idref="fl-11"/>
      </object_component>
      <object_component id="oc-a3">
         <name>SysPwrCtrlRegsFile</name>
         <uninitialized>true</uninitialized>
         <run_address>0x985</run_address>
         <size>0x3</size>
         <input_file_ref idref="fl-11"/>
      </object_component>
      <object_component id="oc-ac">
         <name>FlashRegsFile</name>
         <uninitialized>true</uninitialized>
         <run_address>0xa80</run_address>
         <size>0x8</size>
         <input_file_ref idref="fl-11"/>
      </object_component>
      <object_component id="oc-b1">
         <name>CsmRegsFile</name>
         <uninitialized>true</uninitialized>
         <run_address>0xae0</run_address>
         <size>0x10</size>
         <input_file_ref idref="fl-11"/>
      </object_component>
      <object_component id="oc-b4">
         <name>AdcResultFile</name>
         <uninitialized>true</uninitialized>
         <run_address>0xb00</run_address>
         <size>0x10</size>
         <input_file_ref idref="fl-11"/>
      </object_component>
      <object_component id="oc-a9">
         <name>CpuTimer0RegsFile</name>
         <uninitialized>true</uninitialized>
         <run_address>0xc00</run_address>
         <size>0x8</size>
         <input_file_ref idref="fl-11"/>
      </object_component>
      <object_component id="oc-a8">
         <name>CpuTimer1RegsFile</name>
         <uninitialized>true</uninitialized>
         <run_address>0xc08</run_address>
         <size>0x8</size>
         <input_file_ref idref="fl-11"/>
      </object_component>
      <object_component id="oc-ab">
         <name>CpuTimer2RegsFile</name>
         <uninitialized>true</uninitialized>
         <run_address>0xc10</run_address>
         <size>0x8</size>
         <input_file_ref idref="fl-11"/>
      </object_component>
      <object_component id="oc-b5">
         <name>PieCtrlRegsFile</name>
         <uninitialized>true</uninitialized>
         <run_address>0xce0</run_address>
         <size>0x1a</size>
         <input_file_ref idref="fl-11"/>
      </object_component>
      <object_component id="oc-ca">
         <name>Cla1RegsFile</name>
         <uninitialized>true</uninitialized>
         <run_address>0x1400</run_address>
         <size>0x40</size>
         <input_file_ref idref="fl-11"/>
      </object_component>
      <object_component id="oc-d3">
         <name>DmaRegsFile</name>
         <uninitialized>true</uninitialized>
         <run_address>0x1000</run_address>
         <size>0xe0</size>
         <input_file_ref idref="fl-11"/>
      </object_component>
      <object_component id="oc-c4">
         <name>ECanaRegsFile</name>
         <uninitialized>true</uninitialized>
         <run_address>0x6000</run_address>
         <size>0x34</size>
         <input_file_ref idref="fl-11"/>
      </object_component>
      <object_component id="oc-c8">
         <name>ECanaLAMRegsFile</name>
         <uninitialized>true</uninitialized>
         <run_address>0x6040</run_address>
         <size>0x40</size>
         <input_file_ref idref="fl-11"/>
      </object_component>
      <object_component id="oc-d5">
         <name>ECanaMboxesFile</name>
         <uninitialized>true</uninitialized>
         <run_address>0x6100</run_address>
         <size>0x100</size>
         <input_file_ref idref="fl-11"/>
      </object_component>
      <object_component id="oc-c9">
         <name>ECanaMOTSRegsFile</name>
         <uninitialized>true</uninitialized>
         <run_address>0x6080</run_address>
         <size>0x40</size>
         <input_file_ref idref="fl-11"/>
      </object_component>
      <object_component id="oc-c5">
         <name>ECanaMOTORegsFile</name>
         <uninitialized>true</uninitialized>
         <run_address>0x60c0</run_address>
         <size>0x40</size>
         <input_file_ref idref="fl-11"/>
      </object_component>
      <object_component id="oc-bd">
         <name>ECap1RegsFile</name>
         <uninitialized>true</uninitialized>
         <run_address>0x6a00</run_address>
         <size>0x20</size>
         <input_file_ref idref="fl-11"/>
      </object_component>
      <object_component id="oc-bc">
         <name>ECap2RegsFile</name>
         <uninitialized>true</uninitialized>
         <run_address>0x6a20</run_address>
         <size>0x20</size>
         <input_file_ref idref="fl-11"/>
      </object_component>
      <object_component id="oc-be">
         <name>ECap3RegsFile</name>
         <uninitialized>true</uninitialized>
         <run_address>0x6a40</run_address>
         <size>0x20</size>
         <input_file_ref idref="fl-11"/>
      </object_component>
      <object_component id="oc-c1">
         <name>EQep1RegsFile</name>
         <uninitialized>true</uninitialized>
         <run_address>0x6b00</run_address>
         <size>0x22</size>
         <input_file_ref idref="fl-11"/>
      </object_component>
      <object_component id="oc-bf">
         <name>EQep2RegsFile</name>
         <uninitialized>true</uninitialized>
         <run_address>0x6b40</run_address>
         <size>0x22</size>
         <input_file_ref idref="fl-11"/>
      </object_component>
      <object_component id="oc-cd">
         <name>GpioCtrlRegsFile</name>
         <uninitialized>true</uninitialized>
         <run_address>0x6f80</run_address>
         <size>0x40</size>
         <input_file_ref idref="fl-11"/>
      </object_component>
      <object_component id="oc-bb">
         <name>GpioDataRegsFile</name>
         <uninitialized>true</uninitialized>
         <run_address>0x6fc0</run_address>
         <size>0x20</size>
         <input_file_ref idref="fl-11"/>
      </object_component>
      <object_component id="oc-ba">
         <name>GpioIntRegsFile</name>
         <uninitialized>true</uninitialized>
         <run_address>0x6fe0</run_address>
         <size>0x20</size>
         <input_file_ref idref="fl-11"/>
      </object_component>
      <object_component id="oc-b8">
         <name>HRCap1RegsFile</name>
         <uninitialized>true</uninitialized>
         <run_address>0x6ac0</run_address>
         <size>0x1f</size>
         <input_file_ref idref="fl-11"/>
      </object_component>
      <object_component id="oc-b6">
         <name>HRCap2RegsFile</name>
         <uninitialized>true</uninitialized>
         <run_address>0x6ae0</run_address>
         <size>0x1f</size>
         <input_file_ref idref="fl-11"/>
      </object_component>
      <object_component id="oc-b7">
         <name>HRCap3RegsFile</name>
         <uninitialized>true</uninitialized>
         <run_address>0x6c80</run_address>
         <size>0x1f</size>
         <input_file_ref idref="fl-11"/>
      </object_component>
      <object_component id="oc-b9">
         <name>HRCap4RegsFile</name>
         <uninitialized>true</uninitialized>
         <run_address>0x6ca0</run_address>
         <size>0x1f</size>
         <input_file_ref idref="fl-11"/>
      </object_component>
      <object_component id="oc-c3">
         <name>SysCtrlRegsFile</name>
         <uninitialized>true</uninitialized>
         <run_address>0x7010</run_address>
         <size>0x30</size>
         <input_file_ref idref="fl-11"/>
      </object_component>
      <object_component id="oc-b3">
         <name>SpiaRegsFile</name>
         <uninitialized>true</uninitialized>
         <run_address>0x7040</run_address>
         <size>0x10</size>
         <input_file_ref idref="fl-11"/>
      </object_component>
      <object_component id="oc-b2">
         <name>SpibRegsFile</name>
         <uninitialized>true</uninitialized>
         <run_address>0x7740</run_address>
         <size>0x10</size>
         <input_file_ref idref="fl-11"/>
      </object_component>
      <object_component id="oc-ae">
         <name>SciaRegsFile</name>
         <uninitialized>true</uninitialized>
         <run_address>0x7050</run_address>
         <size>0x10</size>
         <input_file_ref idref="fl-11"/>
      </object_component>
      <object_component id="oc-ad">
         <name>ScibRegsFile</name>
         <uninitialized>true</uninitialized>
         <run_address>0x7750</run_address>
         <size>0x10</size>
         <input_file_ref idref="fl-11"/>
      </object_component>
      <object_component id="oc-af">
         <name>NmiIntruptRegsFile</name>
         <uninitialized>true</uninitialized>
         <run_address>0x7060</run_address>
         <size>0x10</size>
         <input_file_ref idref="fl-11"/>
      </object_component>
      <object_component id="oc-b0">
         <name>XIntruptRegsFile</name>
         <uninitialized>true</uninitialized>
         <run_address>0x7070</run_address>
         <size>0x10</size>
         <input_file_ref idref="fl-11"/>
      </object_component>
      <object_component id="oc-d2">
         <name>AdcRegsFile</name>
         <uninitialized>true</uninitialized>
         <run_address>0x7100</run_address>
         <size>0x50</size>
         <input_file_ref idref="fl-11"/>
      </object_component>
      <object_component id="oc-c0">
         <name>I2caRegsFile</name>
         <uninitialized>true</uninitialized>
         <run_address>0x7900</run_address>
         <size>0x22</size>
         <input_file_ref idref="fl-11"/>
      </object_component>
      <object_component id="oc-a6">
         <name>Comp1RegsFile</name>
         <uninitialized>true</uninitialized>
         <run_address>0x6400</run_address>
         <size>0x7</size>
         <input_file_ref idref="fl-11"/>
      </object_component>
      <object_component id="oc-a7">
         <name>Comp2RegsFile</name>
         <uninitialized>true</uninitialized>
         <run_address>0x6420</run_address>
         <size>0x7</size>
         <input_file_ref idref="fl-11"/>
      </object_component>
      <object_component id="oc-a5">
         <name>Comp3RegsFile</name>
         <uninitialized>true</uninitialized>
         <run_address>0x6440</run_address>
         <size>0x7</size>
         <input_file_ref idref="fl-11"/>
      </object_component>
      <object_component id="oc-c7">
         <name>EPwm1RegsFile</name>
         <uninitialized>true</uninitialized>
         <run_address>0x6800</run_address>
         <size>0x40</size>
         <input_file_ref idref="fl-11"/>
      </object_component>
      <object_component id="oc-c6">
         <name>EPwm2RegsFile</name>
         <uninitialized>true</uninitialized>
         <run_address>0x6840</run_address>
         <size>0x40</size>
         <input_file_ref idref="fl-11"/>
      </object_component>
      <object_component id="oc-d1">
         <name>EPwm3RegsFile</name>
         <uninitialized>true</uninitialized>
         <run_address>0x6880</run_address>
         <size>0x40</size>
         <input_file_ref idref="fl-11"/>
      </object_component>
      <object_component id="oc-cf">
         <name>EPwm4RegsFile</name>
         <uninitialized>true</uninitialized>
         <run_address>0x68c0</run_address>
         <size>0x40</size>
         <input_file_ref idref="fl-11"/>
      </object_component>
      <object_component id="oc-d0">
         <name>EPwm5RegsFile</name>
         <uninitialized>true</uninitialized>
         <run_address>0x6900</run_address>
         <size>0x40</size>
         <input_file_ref idref="fl-11"/>
      </object_component>
      <object_component id="oc-cc">
         <name>EPwm6RegsFile</name>
         <uninitialized>true</uninitialized>
         <run_address>0x6940</run_address>
         <size>0x40</size>
         <input_file_ref idref="fl-11"/>
      </object_component>
      <object_component id="oc-cb">
         <name>EPwm7RegsFile</name>
         <uninitialized>true</uninitialized>
         <run_address>0x6980</run_address>
         <size>0x40</size>
         <input_file_ref idref="fl-11"/>
      </object_component>
      <object_component id="oc-ce">
         <name>EPwm8RegsFile</name>
         <uninitialized>true</uninitialized>
         <run_address>0x69c0</run_address>
         <size>0x40</size>
         <input_file_ref idref="fl-11"/>
      </object_component>
      <object_component id="oc-c2">
         <name>McbspaRegsFile</name>
         <uninitialized>true</uninitialized>
         <run_address>0x5000</run_address>
         <size>0x24</size>
         <input_file_ref idref="fl-11"/>
      </object_component>
      <object_component id="oc-d6">
         <name>Usb0RegsFile</name>
         <uninitialized>true</uninitialized>
         <run_address>0x4000</run_address>
         <size>0x454</size>
         <input_file_ref idref="fl-11"/>
      </object_component>
      <object_component id="oc-aa">
         <name>CsmPwlFile</name>
         <uninitialized>true</uninitialized>
         <run_address>0x3f7ff8</run_address>
         <size>0x8</size>
         <input_file_ref idref="fl-11"/>
      </object_component>
      <object_component id="oc-9e">
         <name>PartIdRegsFile</name>
         <uninitialized>true</uninitialized>
         <run_address>0x3d7e80</run_address>
         <size>0x1</size>
         <input_file_ref idref="fl-11"/>
      </object_component>
      <object_component id="oc-51">
         <name>dclfuncs</name>
         <load_address>0xe0</load_address>
         <run_address>0xe0</run_address>
         <size>0x3a</size>
         <input_file_ref idref="fl-2"/>
      </object_component>
      <object_component id="oc-52">
         <name>.debug_info</name>
         <load_address>0x0</load_address>
         <run_address>0x0</run_address>
         <size>0xdb</size>
         <input_file_ref idref="fl-2"/>
      </object_component>
      <object_component id="oc-58">
         <name>.debug_info</name>
         <load_address>0xdb</load_address>
         <run_address>0xdb</run_address>
         <size>0xd8</size>
         <input_file_ref idref="fl-3"/>
      </object_component>
      <object_component id="oc-5c">
         <name>.debug_info</name>
         <load_address>0x1b3</load_address>
         <run_address>0x1b3</run_address>
         <size>0x4959</size>
         <input_file_ref idref="fl-4"/>
      </object_component>
      <object_component id="oc-65">
         <name>.debug_info</name>
         <load_address>0x4b0c</load_address>
         <run_address>0x4b0c</run_address>
         <size>0x120</size>
         <input_file_ref idref="fl-6"/>
      </object_component>
      <object_component id="oc-69">
         <name>.debug_info</name>
         <load_address>0x4c2c</load_address>
         <run_address>0x4c2c</run_address>
         <size>0x189c</size>
         <input_file_ref idref="fl-7"/>
      </object_component>
      <object_component id="oc-6e">
         <name>.debug_info</name>
         <load_address>0x64c8</load_address>
         <run_address>0x64c8</run_address>
         <size>0x83e</size>
         <input_file_ref idref="fl-8"/>
      </object_component>
      <object_component id="oc-75">
         <name>.debug_info</name>
         <load_address>0x6d06</load_address>
         <run_address>0x6d06</run_address>
         <size>0xe9</size>
         <input_file_ref idref="fl-9"/>
      </object_component>
      <object_component id="oc-79">
         <name>.debug_info</name>
         <load_address>0x6def</load_address>
         <run_address>0x6def</run_address>
         <size>0x23ad</size>
         <input_file_ref idref="fl-a"/>
      </object_component>
      <object_component id="oc-80">
         <name>.debug_info</name>
         <load_address>0x919c</load_address>
         <run_address>0x919c</run_address>
         <size>0xef</size>
         <input_file_ref idref="fl-b"/>
      </object_component>
      <object_component id="oc-84">
         <name>.debug_info</name>
         <load_address>0x928b</load_address>
         <run_address>0x928b</run_address>
         <size>0x1733</size>
         <input_file_ref idref="fl-c"/>
      </object_component>
      <object_component id="oc-89">
         <name>.debug_info</name>
         <load_address>0xa9be</load_address>
         <run_address>0xa9be</run_address>
         <size>0x5a52</size>
         <input_file_ref idref="fl-d"/>
      </object_component>
      <object_component id="oc-8e">
         <name>.debug_info</name>
         <load_address>0x10410</load_address>
         <run_address>0x10410</run_address>
         <size>0x189c</size>
         <input_file_ref idref="fl-e"/>
      </object_component>
      <object_component id="oc-93">
         <name>.debug_info</name>
         <load_address>0x11cac</load_address>
         <run_address>0x11cac</run_address>
         <size>0x1d69</size>
         <input_file_ref idref="fl-f"/>
      </object_component>
      <object_component id="oc-98">
         <name>.debug_info</name>
         <load_address>0x13a15</load_address>
         <run_address>0x13a15</run_address>
         <size>0x189c</size>
         <input_file_ref idref="fl-10"/>
      </object_component>
      <object_component id="oc-9d">
         <name>.debug_info</name>
         <load_address>0x152b1</load_address>
         <run_address>0x152b1</run_address>
         <size>0x1ad6b</size>
         <input_file_ref idref="fl-11"/>
      </object_component>
      <object_component id="oc-d8">
         <name>.debug_info</name>
         <load_address>0x3001c</load_address>
         <run_address>0x3001c</run_address>
         <size>0x189c</size>
         <input_file_ref idref="fl-12"/>
      </object_component>
      <object_component id="oc-dd">
         <name>.debug_info</name>
         <load_address>0x318b8</load_address>
         <run_address>0x318b8</run_address>
         <size>0x189d</size>
         <input_file_ref idref="fl-13"/>
      </object_component>
      <object_component id="oc-e2">
         <name>.debug_info</name>
         <load_address>0x33155</load_address>
         <run_address>0x33155</run_address>
         <size>0x189b</size>
         <input_file_ref idref="fl-14"/>
      </object_component>
      <object_component id="oc-e7">
         <name>.debug_info</name>
         <load_address>0x349f0</load_address>
         <run_address>0x349f0</run_address>
         <size>0x4645</size>
         <input_file_ref idref="fl-15"/>
      </object_component>
      <object_component id="oc-ec">
         <name>.debug_info</name>
         <load_address>0x39035</load_address>
         <run_address>0x39035</run_address>
         <size>0x36d</size>
         <input_file_ref idref="fl-16"/>
      </object_component>
      <object_component id="oc-f1">
         <name>.debug_info</name>
         <load_address>0x393a2</load_address>
         <run_address>0x393a2</run_address>
         <size>0x184f</size>
         <input_file_ref idref="fl-17"/>
      </object_component>
      <object_component id="oc-f6">
         <name>.debug_info</name>
         <load_address>0x3abf1</load_address>
         <run_address>0x3abf1</run_address>
         <size>0xb44</size>
         <input_file_ref idref="fl-18"/>
      </object_component>
      <object_component id="oc-fb">
         <name>.debug_info</name>
         <load_address>0x3b735</load_address>
         <run_address>0x3b735</run_address>
         <size>0x247a</size>
         <input_file_ref idref="fl-19"/>
      </object_component>
      <object_component id="oc-101">
         <name>.debug_info</name>
         <load_address>0x3dbaf</load_address>
         <run_address>0x3dbaf</run_address>
         <size>0x189b</size>
         <input_file_ref idref="fl-1a"/>
      </object_component>
      <object_component id="oc-106">
         <name>.debug_info</name>
         <load_address>0x3f44a</load_address>
         <run_address>0x3f44a</run_address>
         <size>0x1a0b</size>
         <input_file_ref idref="fl-1b"/>
      </object_component>
      <object_component id="oc-10b">
         <name>.debug_info</name>
         <load_address>0x40e55</load_address>
         <run_address>0x40e55</run_address>
         <size>0x3dc1</size>
         <input_file_ref idref="fl-1c"/>
      </object_component>
      <object_component id="oc-110">
         <name>.debug_info</name>
         <load_address>0x44c16</load_address>
         <run_address>0x44c16</run_address>
         <size>0x379</size>
         <input_file_ref idref="fl-1d"/>
      </object_component>
      <object_component id="oc-116">
         <name>.debug_info</name>
         <load_address>0x44f8f</load_address>
         <run_address>0x44f8f</run_address>
         <size>0xeb</size>
         <input_file_ref idref="fl-1e"/>
      </object_component>
      <object_component id="oc-11a">
         <name>.debug_info</name>
         <load_address>0x4507a</load_address>
         <run_address>0x4507a</run_address>
         <size>0x19b5</size>
         <input_file_ref idref="fl-1f"/>
      </object_component>
      <object_component id="oc-11f">
         <name>.debug_info</name>
         <load_address>0x46a2f</load_address>
         <run_address>0x46a2f</run_address>
         <size>0x38f5</size>
         <input_file_ref idref="fl-20"/>
      </object_component>
      <object_component id="oc-124">
         <name>.debug_info</name>
         <load_address>0x4a324</load_address>
         <run_address>0x4a324</run_address>
         <size>0x24ce</size>
         <input_file_ref idref="fl-21"/>
      </object_component>
      <object_component id="oc-129">
         <name>.debug_info</name>
         <load_address>0x4c7f2</load_address>
         <run_address>0x4c7f2</run_address>
         <size>0x23fc</size>
         <input_file_ref idref="fl-22"/>
      </object_component>
      <object_component id="oc-12f">
         <name>.debug_info</name>
         <load_address>0x4ebee</load_address>
         <run_address>0x4ebee</run_address>
         <size>0x5e0</size>
         <input_file_ref idref="fl-23"/>
      </object_component>
      <object_component id="oc-137">
         <name>.debug_info</name>
         <load_address>0x4f1ce</load_address>
         <run_address>0x4f1ce</run_address>
         <size>0x10f</size>
         <input_file_ref idref="fl-2e"/>
      </object_component>
      <object_component id="oc-13b">
         <name>.debug_info</name>
         <load_address>0x4f2dd</load_address>
         <run_address>0x4f2dd</run_address>
         <size>0x4b8</size>
         <input_file_ref idref="fl-2f"/>
      </object_component>
      <object_component id="oc-142">
         <name>.debug_info</name>
         <load_address>0x4f795</load_address>
         <run_address>0x4f795</run_address>
         <size>0x4e2</size>
         <input_file_ref idref="fl-30"/>
      </object_component>
      <object_component id="oc-147">
         <name>.debug_info</name>
         <load_address>0x4fc77</load_address>
         <run_address>0x4fc77</run_address>
         <size>0x4af</size>
         <input_file_ref idref="fl-31"/>
      </object_component>
      <object_component id="oc-1be">
         <name>.debug_info</name>
         <load_address>0x50126</load_address>
         <run_address>0x50126</run_address>
         <size>0xa8</size>
      </object_component>
      <object_component id="oc-53">
         <name>.debug_line</name>
         <load_address>0x0</load_address>
         <run_address>0x0</run_address>
         <size>0x5a</size>
         <input_file_ref idref="fl-2"/>
      </object_component>
      <object_component id="oc-59">
         <name>.debug_line</name>
         <load_address>0x5a</load_address>
         <run_address>0x5a</run_address>
         <size>0x53</size>
         <input_file_ref idref="fl-3"/>
      </object_component>
      <object_component id="oc-5e">
         <name>.debug_line</name>
         <load_address>0xad</load_address>
         <run_address>0xad</run_address>
         <size>0x30</size>
         <input_file_ref idref="fl-4"/>
      </object_component>
      <object_component id="oc-66">
         <name>.debug_line</name>
         <load_address>0xdd</load_address>
         <run_address>0xdd</run_address>
         <size>0x5f</size>
         <input_file_ref idref="fl-6"/>
      </object_component>
      <object_component id="oc-6b">
         <name>.debug_line</name>
         <load_address>0x13c</load_address>
         <run_address>0x13c</run_address>
         <size>0x31</size>
         <input_file_ref idref="fl-7"/>
      </object_component>
      <object_component id="oc-71">
         <name>.debug_line</name>
         <load_address>0x16d</load_address>
         <run_address>0x16d</run_address>
         <size>0x36</size>
         <input_file_ref idref="fl-8"/>
      </object_component>
      <object_component id="oc-76">
         <name>.debug_line</name>
         <load_address>0x1a3</load_address>
         <run_address>0x1a3</run_address>
         <size>0x45</size>
         <input_file_ref idref="fl-9"/>
      </object_component>
      <object_component id="oc-7c">
         <name>.debug_line</name>
         <load_address>0x1e8</load_address>
         <run_address>0x1e8</run_address>
         <size>0x874</size>
         <input_file_ref idref="fl-a"/>
      </object_component>
      <object_component id="oc-81">
         <name>.debug_line</name>
         <load_address>0xa5c</load_address>
         <run_address>0xa5c</run_address>
         <size>0x49</size>
         <input_file_ref idref="fl-b"/>
      </object_component>
      <object_component id="oc-86">
         <name>.debug_line</name>
         <load_address>0xaa5</load_address>
         <run_address>0xaa5</run_address>
         <size>0x30</size>
         <input_file_ref idref="fl-c"/>
      </object_component>
      <object_component id="oc-8b">
         <name>.debug_line</name>
         <load_address>0xad5</load_address>
         <run_address>0xad5</run_address>
         <size>0x31</size>
         <input_file_ref idref="fl-d"/>
      </object_component>
      <object_component id="oc-90">
         <name>.debug_line</name>
         <load_address>0xb06</load_address>
         <run_address>0xb06</run_address>
         <size>0x31</size>
         <input_file_ref idref="fl-e"/>
      </object_component>
      <object_component id="oc-95">
         <name>.debug_line</name>
         <load_address>0xb37</load_address>
         <run_address>0xb37</run_address>
         <size>0x1a1</size>
         <input_file_ref idref="fl-f"/>
      </object_component>
      <object_component id="oc-9a">
         <name>.debug_line</name>
         <load_address>0xcd8</load_address>
         <run_address>0xcd8</run_address>
         <size>0x31</size>
         <input_file_ref idref="fl-10"/>
      </object_component>
      <object_component id="oc-da">
         <name>.debug_line</name>
         <load_address>0xd09</load_address>
         <run_address>0xd09</run_address>
         <size>0x31</size>
         <input_file_ref idref="fl-12"/>
      </object_component>
      <object_component id="oc-df">
         <name>.debug_line</name>
         <load_address>0xd3a</load_address>
         <run_address>0xd3a</run_address>
         <size>0x32</size>
         <input_file_ref idref="fl-13"/>
      </object_component>
      <object_component id="oc-e4">
         <name>.debug_line</name>
         <load_address>0xd6c</load_address>
         <run_address>0xd6c</run_address>
         <size>0x30</size>
         <input_file_ref idref="fl-14"/>
      </object_component>
      <object_component id="oc-e9">
         <name>.debug_line</name>
         <load_address>0xd9c</load_address>
         <run_address>0xd9c</run_address>
         <size>0x32</size>
         <input_file_ref idref="fl-15"/>
      </object_component>
      <object_component id="oc-ee">
         <name>.debug_line</name>
         <load_address>0xdce</load_address>
         <run_address>0xdce</run_address>
         <size>0x34</size>
         <input_file_ref idref="fl-16"/>
      </object_component>
      <object_component id="oc-f3">
         <name>.debug_line</name>
         <load_address>0xe02</load_address>
         <run_address>0xe02</run_address>
         <size>0x34</size>
         <input_file_ref idref="fl-17"/>
      </object_component>
      <object_component id="oc-f8">
         <name>.debug_line</name>
         <load_address>0xe36</load_address>
         <run_address>0xe36</run_address>
         <size>0x7d</size>
         <input_file_ref idref="fl-18"/>
      </object_component>
      <object_component id="oc-fe">
         <name>.debug_line</name>
         <load_address>0xeb3</load_address>
         <run_address>0xeb3</run_address>
         <size>0x68</size>
         <input_file_ref idref="fl-19"/>
      </object_component>
      <object_component id="oc-103">
         <name>.debug_line</name>
         <load_address>0xf1b</load_address>
         <run_address>0xf1b</run_address>
         <size>0x30</size>
         <input_file_ref idref="fl-1a"/>
      </object_component>
      <object_component id="oc-108">
         <name>.debug_line</name>
         <load_address>0xf4b</load_address>
         <run_address>0xf4b</run_address>
         <size>0xab</size>
         <input_file_ref idref="fl-1b"/>
      </object_component>
      <object_component id="oc-10d">
         <name>.debug_line</name>
         <load_address>0xff6</load_address>
         <run_address>0xff6</run_address>
         <size>0x1f6</size>
         <input_file_ref idref="fl-1c"/>
      </object_component>
      <object_component id="oc-112">
         <name>.debug_line</name>
         <load_address>0x11ec</load_address>
         <run_address>0x11ec</run_address>
         <size>0x3b</size>
         <input_file_ref idref="fl-1d"/>
      </object_component>
      <object_component id="oc-117">
         <name>.debug_line</name>
         <load_address>0x1227</load_address>
         <run_address>0x1227</run_address>
         <size>0x46</size>
         <input_file_ref idref="fl-1e"/>
      </object_component>
      <object_component id="oc-11c">
         <name>.debug_line</name>
         <load_address>0x126d</load_address>
         <run_address>0x126d</run_address>
         <size>0x52</size>
         <input_file_ref idref="fl-1f"/>
      </object_component>
      <object_component id="oc-121">
         <name>.debug_line</name>
         <load_address>0x12bf</load_address>
         <run_address>0x12bf</run_address>
         <size>0x87</size>
         <input_file_ref idref="fl-20"/>
      </object_component>
      <object_component id="oc-126">
         <name>.debug_line</name>
         <load_address>0x1346</load_address>
         <run_address>0x1346</run_address>
         <size>0x89</size>
         <input_file_ref idref="fl-21"/>
      </object_component>
      <object_component id="oc-12c">
         <name>.debug_line</name>
         <load_address>0x13cf</load_address>
         <run_address>0x13cf</run_address>
         <size>0xc6</size>
         <input_file_ref idref="fl-22"/>
      </object_component>
      <object_component id="oc-132">
         <name>.debug_line</name>
         <load_address>0x1495</load_address>
         <run_address>0x1495</run_address>
         <size>0x4d</size>
         <input_file_ref idref="fl-23"/>
      </object_component>
      <object_component id="oc-138">
         <name>.debug_line</name>
         <load_address>0x14e2</load_address>
         <run_address>0x14e2</run_address>
         <size>0x74</size>
         <input_file_ref idref="fl-2e"/>
      </object_component>
      <object_component id="oc-13f">
         <name>.debug_line</name>
         <load_address>0x1556</load_address>
         <run_address>0x1556</run_address>
         <size>0x65</size>
         <input_file_ref idref="fl-2f"/>
      </object_component>
      <object_component id="oc-144">
         <name>.debug_line</name>
         <load_address>0x15bb</load_address>
         <run_address>0x15bb</run_address>
         <size>0x5e</size>
         <input_file_ref idref="fl-30"/>
      </object_component>
      <object_component id="oc-149">
         <name>.debug_line</name>
         <load_address>0x1619</load_address>
         <run_address>0x1619</run_address>
         <size>0x59</size>
         <input_file_ref idref="fl-31"/>
      </object_component>
      <object_component id="oc-54">
         <name>.debug_abbrev</name>
         <load_address>0x0</load_address>
         <run_address>0x0</run_address>
         <size>0x2f</size>
         <input_file_ref idref="fl-2"/>
      </object_component>
      <object_component id="oc-5a">
         <name>.debug_abbrev</name>
         <load_address>0x2f</load_address>
         <run_address>0x2f</run_address>
         <size>0x21</size>
         <input_file_ref idref="fl-3"/>
      </object_component>
      <object_component id="oc-5f">
         <name>.debug_abbrev</name>
         <load_address>0x50</load_address>
         <run_address>0x50</run_address>
         <size>0x155</size>
         <input_file_ref idref="fl-4"/>
      </object_component>
      <object_component id="oc-67">
         <name>.debug_abbrev</name>
         <load_address>0x1a5</load_address>
         <run_address>0x1a5</run_address>
         <size>0x21</size>
         <input_file_ref idref="fl-6"/>
      </object_component>
      <object_component id="oc-6c">
         <name>.debug_abbrev</name>
         <load_address>0x1c6</load_address>
         <run_address>0x1c6</run_address>
         <size>0xea</size>
         <input_file_ref idref="fl-7"/>
      </object_component>
      <object_component id="oc-72">
         <name>.debug_abbrev</name>
         <load_address>0x2b0</load_address>
         <run_address>0x2b0</run_address>
         <size>0xfd</size>
         <input_file_ref idref="fl-8"/>
      </object_component>
      <object_component id="oc-77">
         <name>.debug_abbrev</name>
         <load_address>0x3ad</load_address>
         <run_address>0x3ad</run_address>
         <size>0x2f</size>
         <input_file_ref idref="fl-9"/>
      </object_component>
      <object_component id="oc-7d">
         <name>.debug_abbrev</name>
         <load_address>0x3dc</load_address>
         <run_address>0x3dc</run_address>
         <size>0xde</size>
         <input_file_ref idref="fl-a"/>
      </object_component>
      <object_component id="oc-82">
         <name>.debug_abbrev</name>
         <load_address>0x4ba</load_address>
         <run_address>0x4ba</run_address>
         <size>0x2f</size>
         <input_file_ref idref="fl-b"/>
      </object_component>
      <object_component id="oc-87">
         <name>.debug_abbrev</name>
         <load_address>0x4e9</load_address>
         <run_address>0x4e9</run_address>
         <size>0x14f</size>
         <input_file_ref idref="fl-c"/>
      </object_component>
      <object_component id="oc-8c">
         <name>.debug_abbrev</name>
         <load_address>0x638</load_address>
         <run_address>0x638</run_address>
         <size>0x103</size>
         <input_file_ref idref="fl-d"/>
      </object_component>
      <object_component id="oc-91">
         <name>.debug_abbrev</name>
         <load_address>0x73b</load_address>
         <run_address>0x73b</run_address>
         <size>0xea</size>
         <input_file_ref idref="fl-e"/>
      </object_component>
      <object_component id="oc-96">
         <name>.debug_abbrev</name>
         <load_address>0x825</load_address>
         <run_address>0x825</run_address>
         <size>0x138</size>
         <input_file_ref idref="fl-f"/>
      </object_component>
      <object_component id="oc-9b">
         <name>.debug_abbrev</name>
         <load_address>0x95d</load_address>
         <run_address>0x95d</run_address>
         <size>0xea</size>
         <input_file_ref idref="fl-10"/>
      </object_component>
      <object_component id="oc-d7">
         <name>.debug_abbrev</name>
         <load_address>0xa47</load_address>
         <run_address>0xa47</run_address>
         <size>0xc4</size>
         <input_file_ref idref="fl-11"/>
      </object_component>
      <object_component id="oc-db">
         <name>.debug_abbrev</name>
         <load_address>0xb0b</load_address>
         <run_address>0xb0b</run_address>
         <size>0xdc</size>
         <input_file_ref idref="fl-12"/>
      </object_component>
      <object_component id="oc-e0">
         <name>.debug_abbrev</name>
         <load_address>0xbe7</load_address>
         <run_address>0xbe7</run_address>
         <size>0xea</size>
         <input_file_ref idref="fl-13"/>
      </object_component>
      <object_component id="oc-e5">
         <name>.debug_abbrev</name>
         <load_address>0xcd1</load_address>
         <run_address>0xcd1</run_address>
         <size>0xdc</size>
         <input_file_ref idref="fl-14"/>
      </object_component>
      <object_component id="oc-ea">
         <name>.debug_abbrev</name>
         <load_address>0xdad</load_address>
         <run_address>0xdad</run_address>
         <size>0xf8</size>
         <input_file_ref idref="fl-15"/>
      </object_component>
      <object_component id="oc-ef">
         <name>.debug_abbrev</name>
         <load_address>0xea5</load_address>
         <run_address>0xea5</run_address>
         <size>0x93</size>
         <input_file_ref idref="fl-16"/>
      </object_component>
      <object_component id="oc-f4">
         <name>.debug_abbrev</name>
         <load_address>0xf38</load_address>
         <run_address>0xf38</run_address>
         <size>0x13e</size>
         <input_file_ref idref="fl-17"/>
      </object_component>
      <object_component id="oc-f9">
         <name>.debug_abbrev</name>
         <load_address>0x1076</load_address>
         <run_address>0x1076</run_address>
         <size>0xc8</size>
         <input_file_ref idref="fl-18"/>
      </object_component>
      <object_component id="oc-ff">
         <name>.debug_abbrev</name>
         <load_address>0x113e</load_address>
         <run_address>0x113e</run_address>
         <size>0x116</size>
         <input_file_ref idref="fl-19"/>
      </object_component>
      <object_component id="oc-104">
         <name>.debug_abbrev</name>
         <load_address>0x1254</load_address>
         <run_address>0x1254</run_address>
         <size>0xea</size>
         <input_file_ref idref="fl-1a"/>
      </object_component>
      <object_component id="oc-109">
         <name>.debug_abbrev</name>
         <load_address>0x133e</load_address>
         <run_address>0x133e</run_address>
         <size>0xea</size>
         <input_file_ref idref="fl-1b"/>
      </object_component>
      <object_component id="oc-10e">
         <name>.debug_abbrev</name>
         <load_address>0x1428</load_address>
         <run_address>0x1428</run_address>
         <size>0x17c</size>
         <input_file_ref idref="fl-1c"/>
      </object_component>
      <object_component id="oc-113">
         <name>.debug_abbrev</name>
         <load_address>0x15a4</load_address>
         <run_address>0x15a4</run_address>
         <size>0x9b</size>
         <input_file_ref idref="fl-1d"/>
      </object_component>
      <object_component id="oc-118">
         <name>.debug_abbrev</name>
         <load_address>0x163f</load_address>
         <run_address>0x163f</run_address>
         <size>0x2f</size>
         <input_file_ref idref="fl-1e"/>
      </object_component>
      <object_component id="oc-11d">
         <name>.debug_abbrev</name>
         <load_address>0x166e</load_address>
         <run_address>0x166e</run_address>
         <size>0x10f</size>
         <input_file_ref idref="fl-1f"/>
      </object_component>
      <object_component id="oc-122">
         <name>.debug_abbrev</name>
         <load_address>0x177d</load_address>
         <run_address>0x177d</run_address>
         <size>0x114</size>
         <input_file_ref idref="fl-20"/>
      </object_component>
      <object_component id="oc-127">
         <name>.debug_abbrev</name>
         <load_address>0x1891</load_address>
         <run_address>0x1891</run_address>
         <size>0xdc</size>
         <input_file_ref idref="fl-21"/>
      </object_component>
      <object_component id="oc-12d">
         <name>.debug_abbrev</name>
         <load_address>0x196d</load_address>
         <run_address>0x196d</run_address>
         <size>0x14f</size>
         <input_file_ref idref="fl-22"/>
      </object_component>
      <object_component id="oc-133">
         <name>.debug_abbrev</name>
         <load_address>0x1abc</load_address>
         <run_address>0x1abc</run_address>
         <size>0xe5</size>
         <input_file_ref idref="fl-23"/>
      </object_component>
      <object_component id="oc-139">
         <name>.debug_abbrev</name>
         <load_address>0x1ba1</load_address>
         <run_address>0x1ba1</run_address>
         <size>0x46</size>
         <input_file_ref idref="fl-2e"/>
      </object_component>
      <object_component id="oc-140">
         <name>.debug_abbrev</name>
         <load_address>0x1be7</load_address>
         <run_address>0x1be7</run_address>
         <size>0x117</size>
         <input_file_ref idref="fl-2f"/>
      </object_component>
      <object_component id="oc-145">
         <name>.debug_abbrev</name>
         <load_address>0x1cfe</load_address>
         <run_address>0x1cfe</run_address>
         <size>0xb2</size>
         <input_file_ref idref="fl-30"/>
      </object_component>
      <object_component id="oc-14a">
         <name>.debug_abbrev</name>
         <load_address>0x1db0</load_address>
         <run_address>0x1db0</run_address>
         <size>0xfe</size>
         <input_file_ref idref="fl-31"/>
      </object_component>
      <object_component id="oc-1bf">
         <name>.debug_abbrev</name>
         <load_address>0x1eae</load_address>
         <run_address>0x1eae</run_address>
         <size>0xf</size>
      </object_component>
      <object_component id="oc-55">
         <name>.debug_aranges</name>
         <load_address>0x0</load_address>
         <run_address>0x0</run_address>
         <size>0x20</size>
         <input_file_ref idref="fl-2"/>
      </object_component>
      <object_component id="oc-5b">
         <name>.debug_aranges</name>
         <load_address>0x20</load_address>
         <run_address>0x20</run_address>
         <size>0x20</size>
         <input_file_ref idref="fl-3"/>
      </object_component>
      <object_component id="oc-60">
         <name>.debug_aranges</name>
         <load_address>0x40</load_address>
         <run_address>0x40</run_address>
         <size>0x18</size>
         <input_file_ref idref="fl-4"/>
      </object_component>
      <object_component id="oc-68">
         <name>.debug_aranges</name>
         <load_address>0x58</load_address>
         <run_address>0x58</run_address>
         <size>0x28</size>
         <input_file_ref idref="fl-6"/>
      </object_component>
      <object_component id="oc-6d">
         <name>.debug_aranges</name>
         <load_address>0x80</load_address>
         <run_address>0x80</run_address>
         <size>0x18</size>
         <input_file_ref idref="fl-7"/>
      </object_component>
      <object_component id="oc-73">
         <name>.debug_aranges</name>
         <load_address>0x98</load_address>
         <run_address>0x98</run_address>
         <size>0x18</size>
         <input_file_ref idref="fl-8"/>
      </object_component>
      <object_component id="oc-78">
         <name>.debug_aranges</name>
         <load_address>0xb0</load_address>
         <run_address>0xb0</run_address>
         <size>0x20</size>
         <input_file_ref idref="fl-9"/>
      </object_component>
      <object_component id="oc-7e">
         <name>.debug_aranges</name>
         <load_address>0xd0</load_address>
         <run_address>0xd0</run_address>
         <size>0x2f8</size>
         <input_file_ref idref="fl-a"/>
      </object_component>
      <object_component id="oc-83">
         <name>.debug_aranges</name>
         <load_address>0x3c8</load_address>
         <run_address>0x3c8</run_address>
         <size>0x20</size>
         <input_file_ref idref="fl-b"/>
      </object_component>
      <object_component id="oc-88">
         <name>.debug_aranges</name>
         <load_address>0x3e8</load_address>
         <run_address>0x3e8</run_address>
         <size>0x18</size>
         <input_file_ref idref="fl-c"/>
      </object_component>
      <object_component id="oc-8d">
         <name>.debug_aranges</name>
         <load_address>0x400</load_address>
         <run_address>0x400</run_address>
         <size>0x18</size>
         <input_file_ref idref="fl-d"/>
      </object_component>
      <object_component id="oc-92">
         <name>.debug_aranges</name>
         <load_address>0x418</load_address>
         <run_address>0x418</run_address>
         <size>0x18</size>
         <input_file_ref idref="fl-e"/>
      </object_component>
      <object_component id="oc-97">
         <name>.debug_aranges</name>
         <load_address>0x430</load_address>
         <run_address>0x430</run_address>
         <size>0x78</size>
         <input_file_ref idref="fl-f"/>
      </object_component>
      <object_component id="oc-9c">
         <name>.debug_aranges</name>
         <load_address>0x4a8</load_address>
         <run_address>0x4a8</run_address>
         <size>0x18</size>
         <input_file_ref idref="fl-10"/>
      </object_component>
      <object_component id="oc-dc">
         <name>.debug_aranges</name>
         <load_address>0x4c0</load_address>
         <run_address>0x4c0</run_address>
         <size>0x18</size>
         <input_file_ref idref="fl-12"/>
      </object_component>
      <object_component id="oc-e1">
         <name>.debug_aranges</name>
         <load_address>0x4d8</load_address>
         <run_address>0x4d8</run_address>
         <size>0x18</size>
         <input_file_ref idref="fl-13"/>
      </object_component>
      <object_component id="oc-e6">
         <name>.debug_aranges</name>
         <load_address>0x4f0</load_address>
         <run_address>0x4f0</run_address>
         <size>0x18</size>
         <input_file_ref idref="fl-14"/>
      </object_component>
      <object_component id="oc-eb">
         <name>.debug_aranges</name>
         <load_address>0x508</load_address>
         <run_address>0x508</run_address>
         <size>0x18</size>
         <input_file_ref idref="fl-15"/>
      </object_component>
      <object_component id="oc-f0">
         <name>.debug_aranges</name>
         <load_address>0x520</load_address>
         <run_address>0x520</run_address>
         <size>0x18</size>
         <input_file_ref idref="fl-16"/>
      </object_component>
      <object_component id="oc-f5">
         <name>.debug_aranges</name>
         <load_address>0x538</load_address>
         <run_address>0x538</run_address>
         <size>0x18</size>
         <input_file_ref idref="fl-17"/>
      </object_component>
      <object_component id="oc-fa">
         <name>.debug_aranges</name>
         <load_address>0x550</load_address>
         <run_address>0x550</run_address>
         <size>0x28</size>
         <input_file_ref idref="fl-18"/>
      </object_component>
      <object_component id="oc-100">
         <name>.debug_aranges</name>
         <load_address>0x578</load_address>
         <run_address>0x578</run_address>
         <size>0x20</size>
         <input_file_ref idref="fl-19"/>
      </object_component>
      <object_component id="oc-105">
         <name>.debug_aranges</name>
         <load_address>0x598</load_address>
         <run_address>0x598</run_address>
         <size>0x18</size>
         <input_file_ref idref="fl-1a"/>
      </object_component>
      <object_component id="oc-10a">
         <name>.debug_aranges</name>
         <load_address>0x5b0</load_address>
         <run_address>0x5b0</run_address>
         <size>0x38</size>
         <input_file_ref idref="fl-1b"/>
      </object_component>
      <object_component id="oc-10f">
         <name>.debug_aranges</name>
         <load_address>0x5e8</load_address>
         <run_address>0x5e8</run_address>
         <size>0x70</size>
         <input_file_ref idref="fl-1c"/>
      </object_component>
      <object_component id="oc-114">
         <name>.debug_aranges</name>
         <load_address>0x658</load_address>
         <run_address>0x658</run_address>
         <size>0x18</size>
         <input_file_ref idref="fl-1d"/>
      </object_component>
      <object_component id="oc-119">
         <name>.debug_aranges</name>
         <load_address>0x670</load_address>
         <run_address>0x670</run_address>
         <size>0x20</size>
         <input_file_ref idref="fl-1e"/>
      </object_component>
      <object_component id="oc-11e">
         <name>.debug_aranges</name>
         <load_address>0x690</load_address>
         <run_address>0x690</run_address>
         <size>0x20</size>
         <input_file_ref idref="fl-1f"/>
      </object_component>
      <object_component id="oc-123">
         <name>.debug_aranges</name>
         <load_address>0x6b0</load_address>
         <run_address>0x6b0</run_address>
         <size>0x28</size>
         <input_file_ref idref="fl-20"/>
      </object_component>
      <object_component id="oc-128">
         <name>.debug_aranges</name>
         <load_address>0x6d8</load_address>
         <run_address>0x6d8</run_address>
         <size>0x28</size>
         <input_file_ref idref="fl-21"/>
      </object_component>
      <object_component id="oc-12e">
         <name>.debug_aranges</name>
         <load_address>0x700</load_address>
         <run_address>0x700</run_address>
         <size>0x30</size>
         <input_file_ref idref="fl-22"/>
      </object_component>
      <object_component id="oc-134">
         <name>.debug_aranges</name>
         <load_address>0x730</load_address>
         <run_address>0x730</run_address>
         <size>0x20</size>
         <input_file_ref idref="fl-23"/>
      </object_component>
      <object_component id="oc-13a">
         <name>.debug_aranges</name>
         <load_address>0x750</load_address>
         <run_address>0x750</run_address>
         <size>0x20</size>
         <input_file_ref idref="fl-2e"/>
      </object_component>
      <object_component id="oc-141">
         <name>.debug_aranges</name>
         <load_address>0x770</load_address>
         <run_address>0x770</run_address>
         <size>0x28</size>
         <input_file_ref idref="fl-2f"/>
      </object_component>
      <object_component id="oc-146">
         <name>.debug_aranges</name>
         <load_address>0x798</load_address>
         <run_address>0x798</run_address>
         <size>0x30</size>
         <input_file_ref idref="fl-30"/>
      </object_component>
      <object_component id="oc-14b">
         <name>.debug_aranges</name>
         <load_address>0x7c8</load_address>
         <run_address>0x7c8</run_address>
         <size>0x20</size>
         <input_file_ref idref="fl-31"/>
      </object_component>
      <object_component id="oc-56">
         <name>.scratchpad:Cla1Prog:_DCL_runPIc</name>
         <uninitialized>true</uninitialized>
         <run_address>0x2</run_address>
         <size>0x5</size>
         <input_file_ref idref="fl-3"/>
      </object_component>
      <object_component id="oc-57">
         <name>Cla1Prog:_DCL_runPIc</name>
         <load_address>0x11a</load_address>
         <run_address>0x11a</run_address>
         <size>0x28</size>
         <input_file_ref idref="fl-3"/>
      </object_component>
      <object_component id="oc-5d">
         <name>.debug_frame</name>
         <load_address>0x0</load_address>
         <run_address>0x0</run_address>
         <size>0x8c</size>
         <input_file_ref idref="fl-4"/>
      </object_component>
      <object_component id="oc-6a">
         <name>.debug_frame</name>
         <load_address>0x8c</load_address>
         <run_address>0x8c</run_address>
         <size>0x8c</size>
         <input_file_ref idref="fl-7"/>
      </object_component>
      <object_component id="oc-70">
         <name>.debug_frame</name>
         <load_address>0x118</load_address>
         <run_address>0x118</run_address>
         <size>0x8c</size>
         <input_file_ref idref="fl-8"/>
      </object_component>
      <object_component id="oc-7b">
         <name>.debug_frame</name>
         <load_address>0x1a4</load_address>
         <run_address>0x1a4</run_address>
         <size>0xde4</size>
         <input_file_ref idref="fl-a"/>
      </object_component>
      <object_component id="oc-85">
         <name>.debug_frame</name>
         <load_address>0xf88</load_address>
         <run_address>0xf88</run_address>
         <size>0x8c</size>
         <input_file_ref idref="fl-c"/>
      </object_component>
      <object_component id="oc-8a">
         <name>.debug_frame</name>
         <load_address>0x1014</load_address>
         <run_address>0x1014</run_address>
         <size>0x8c</size>
         <input_file_ref idref="fl-d"/>
      </object_component>
      <object_component id="oc-8f">
         <name>.debug_frame</name>
         <load_address>0x10a0</load_address>
         <run_address>0x10a0</run_address>
         <size>0x8c</size>
         <input_file_ref idref="fl-e"/>
      </object_component>
      <object_component id="oc-94">
         <name>.debug_frame</name>
         <load_address>0x112c</load_address>
         <run_address>0x112c</run_address>
         <size>0x188</size>
         <input_file_ref idref="fl-f"/>
      </object_component>
      <object_component id="oc-99">
         <name>.debug_frame</name>
         <load_address>0x12b4</load_address>
         <run_address>0x12b4</run_address>
         <size>0x8c</size>
         <input_file_ref idref="fl-10"/>
      </object_component>
      <object_component id="oc-d9">
         <name>.debug_frame</name>
         <load_address>0x1340</load_address>
         <run_address>0x1340</run_address>
         <size>0x8c</size>
         <input_file_ref idref="fl-12"/>
      </object_component>
      <object_component id="oc-de">
         <name>.debug_frame</name>
         <load_address>0x13cc</load_address>
         <run_address>0x13cc</run_address>
         <size>0x8c</size>
         <input_file_ref idref="fl-13"/>
      </object_component>
      <object_component id="oc-e3">
         <name>.debug_frame</name>
         <load_address>0x1458</load_address>
         <run_address>0x1458</run_address>
         <size>0x8c</size>
         <input_file_ref idref="fl-14"/>
      </object_component>
      <object_component id="oc-e8">
         <name>.debug_frame</name>
         <load_address>0x14e4</load_address>
         <run_address>0x14e4</run_address>
         <size>0x8c</size>
         <input_file_ref idref="fl-15"/>
      </object_component>
      <object_component id="oc-ed">
         <name>.debug_frame</name>
         <load_address>0x1570</load_address>
         <run_address>0x1570</run_address>
         <size>0x8c</size>
         <input_file_ref idref="fl-16"/>
      </object_component>
      <object_component id="oc-f2">
         <name>.debug_frame</name>
         <load_address>0x15fc</load_address>
         <run_address>0x15fc</run_address>
         <size>0x8c</size>
         <input_file_ref idref="fl-17"/>
      </object_component>
      <object_component id="oc-f7">
         <name>.debug_frame</name>
         <load_address>0x1688</load_address>
         <run_address>0x1688</run_address>
         <size>0xb6</size>
         <input_file_ref idref="fl-18"/>
      </object_component>
      <object_component id="oc-fd">
         <name>.debug_frame</name>
         <load_address>0x173e</load_address>
         <run_address>0x173e</run_address>
         <size>0xa7</size>
         <input_file_ref idref="fl-19"/>
      </object_component>
      <object_component id="oc-102">
         <name>.debug_frame</name>
         <load_address>0x17e5</load_address>
         <run_address>0x17e5</run_address>
         <size>0x8c</size>
         <input_file_ref idref="fl-1a"/>
      </object_component>
      <object_component id="oc-107">
         <name>.debug_frame</name>
         <load_address>0x1871</load_address>
         <run_address>0x1871</run_address>
         <size>0xe0</size>
         <input_file_ref idref="fl-1b"/>
      </object_component>
      <object_component id="oc-10c">
         <name>.debug_frame</name>
         <load_address>0x1951</load_address>
         <run_address>0x1951</run_address>
         <size>0x187</size>
         <input_file_ref idref="fl-1c"/>
      </object_component>
      <object_component id="oc-111">
         <name>.debug_frame</name>
         <load_address>0x1ad8</load_address>
         <run_address>0x1ad8</run_address>
         <size>0x8c</size>
         <input_file_ref idref="fl-1d"/>
      </object_component>
      <object_component id="oc-11b">
         <name>.debug_frame</name>
         <load_address>0x1b64</load_address>
         <run_address>0x1b64</run_address>
         <size>0xa1</size>
         <input_file_ref idref="fl-1f"/>
      </object_component>
      <object_component id="oc-120">
         <name>.debug_frame</name>
         <load_address>0x1c05</load_address>
         <run_address>0x1c05</run_address>
         <size>0xc2</size>
         <input_file_ref idref="fl-20"/>
      </object_component>
      <object_component id="oc-125">
         <name>.debug_frame</name>
         <load_address>0x1cc7</load_address>
         <run_address>0x1cc7</run_address>
         <size>0xb6</size>
         <input_file_ref idref="fl-21"/>
      </object_component>
      <object_component id="oc-12b">
         <name>.debug_frame</name>
         <load_address>0x1d7d</load_address>
         <run_address>0x1d7d</run_address>
         <size>0x148</size>
         <input_file_ref idref="fl-22"/>
      </object_component>
      <object_component id="oc-131">
         <name>.debug_frame</name>
         <load_address>0x1ec5</load_address>
         <run_address>0x1ec5</run_address>
         <size>0xa1</size>
         <input_file_ref idref="fl-23"/>
      </object_component>
      <object_component id="oc-13e">
         <name>.debug_frame</name>
         <load_address>0x1f66</load_address>
         <run_address>0x1f66</run_address>
         <size>0xbf</size>
         <input_file_ref idref="fl-2f"/>
      </object_component>
      <object_component id="oc-143">
         <name>.debug_frame</name>
         <load_address>0x2025</load_address>
         <run_address>0x2025</run_address>
         <size>0xcb</size>
         <input_file_ref idref="fl-30"/>
      </object_component>
      <object_component id="oc-148">
         <name>.debug_frame</name>
         <load_address>0x20f0</load_address>
         <run_address>0x20f0</run_address>
         <size>0xa1</size>
         <input_file_ref idref="fl-31"/>
      </object_component>
      <object_component id="oc-61">
         <name>csmpasswds</name>
         <load_address>0x142</load_address>
         <run_address>0x142</run_address>
         <size>0x8</size>
         <input_file_ref idref="fl-5"/>
      </object_component>
      <object_component id="oc-62">
         <name>csm_rsvd</name>
         <load_address>0x6a</load_address>
         <run_address>0x6a</run_address>
         <size>0x76</size>
         <input_file_ref idref="fl-5"/>
      </object_component>
   </object_component_list>
   <logical_group_list>
      <logical_group id="lg-2" display="no" color="cyan">
         <name>codestart</name>
         <load_address>0x0</load_address>
         <run_address>0x0</run_address>
         <size>0x2</size>
         <contents>
            <object_component_ref idref="oc-64"/>
         </contents>
      </logical_group>
      <logical_group id="lg-3" display="no" color="cyan">
         <name>ramfuncs</name>
         <load_address>0x66</load_address>
         <run_address>0x66</run_address>
         <size>0x4</size>
         <contents>
            <object_component_ref idref="oc-115"/>
         </contents>
      </logical_group>
      <logical_group id="lg-4" display="no" color="cyan">
         <name>.text</name>
         <load_address>0x8000</load_address>
         <run_address>0x8000</run_address>
         <size>0x93f</size>
         <contents>
            <object_component_ref idref="oc-7a"/>
            <object_component_ref idref="oc-154"/>
            <object_component_ref idref="oc-15b"/>
            <object_component_ref idref="oc-12a"/>
            <object_component_ref idref="oc-158"/>
            <object_component_ref idref="oc-157"/>
            <object_component_ref idref="oc-15c"/>
            <object_component_ref idref="oc-50"/>
            <object_component_ref idref="oc-159"/>
            <object_component_ref idref="oc-155"/>
            <object_component_ref idref="oc-156"/>
            <object_component_ref idref="oc-151"/>
            <object_component_ref idref="oc-14c"/>
            <object_component_ref idref="oc-14d"/>
            <object_component_ref idref="oc-14e"/>
            <object_component_ref idref="oc-152"/>
            <object_component_ref idref="oc-63"/>
            <object_component_ref idref="oc-7f"/>
            <object_component_ref idref="oc-74"/>
         </contents>
      </logical_group>
      <logical_group id="lg-5" display="no" color="cyan">
         <name>.cinit</name>
         <load_address>0x50</load_address>
         <run_address>0x50</run_address>
         <size>0x16</size>
         <contents>
            <object_component_ref idref="oc-13c"/>
            <object_component_ref idref="oc-150"/>
            <object_component_ref idref="oc-153"/>
         </contents>
      </logical_group>
      <logical_group id="lg-6" display="no" color="cyan">
         <name>.pinit</name>
         <run_address>0x0</run_address>
         <size>0x0</size>
         <contents>
         </contents>
      </logical_group>
      <logical_group id="lg-7" display="no" color="cyan">
         <name>.switch</name>
         <run_address>0x0</run_address>
         <size>0x0</size>
         <contents>
         </contents>
      </logical_group>
      <logical_group id="lg-8" display="no" color="cyan">
         <name>.reset</name>
         <load_address>0x3fffc0</load_address>
         <run_address>0x3fffc0</run_address>
         <size>0x2</size>
         <contents>
            <object_component_ref idref="oc-136"/>
         </contents>
      </logical_group>
      <logical_group id="lg-9" display="no" color="cyan">
         <name>.stack</name>
         <run_address>0x400</run_address>
         <size>0x300</size>
         <contents>
            <object_component_ref idref="oc-135"/>
            <object_component_ref idref="oc-1bd"/>
         </contents>
      </logical_group>
      <logical_group id="lg-a" display="no" color="cyan">
         <name>.ebss</name>
         <run_address>0xa100</run_address>
         <size>0x3e</size>
         <contents>
            <object_component_ref idref="oc-6f"/>
            <object_component_ref idref="oc-130"/>
            <object_component_ref idref="oc-13d"/>
            <object_component_ref idref="oc-15a"/>
            <object_component_ref idref="oc-14f"/>
         </contents>
      </logical_group>
[...]
      </symbol>
      <symbol id="sm-1d4">
         <name>_CLA1_INT5_ISR</name>
         <value>0x8334</value>
         <object_component_ref idref="oc-7a"/>
      </symbol>
      <symbol id="sm-1d5">
         <name>_LUF_ISR</name>
         <value>0x8370</value>
         <object_component_ref idref="oc-7a"/>
      </symbol>
      <symbol id="sm-1d6">
         <name>_LVF_ISR</name>
         <value>0x8366</value>
         <object_component_ref idref="oc-7a"/>
      </symbol>
      <symbol id="sm-1d7">
         <name>_SCITXINTA_ISR</name>
         <value>0x829e</value>
         <object_component_ref idref="oc-7a"/>
      </symbol>
      <symbol id="sm-1d8">
         <name>_SCIRXINTA_ISR</name>
         <value>0x8294</value>
         <object_component_ref idref="oc-7a"/>
      </symbol>
      <symbol id="sm-1d9">
         <name>_rsvd_ISR</name>
         <value>0x8391</value>
         <object_component_ref idref="oc-7a"/>
      </symbol>
      <symbol id="sm-1da">
         <name>_HRCAP1_INT_ISR</name>
         <value>0x81c2</value>
         <object_component_ref idref="oc-7a"/>
      </symbol>
      <symbol id="sm-1db">
         <name>_DINTCH2_ISR</name>
         <value>0x824e</value>
         <object_component_ref idref="oc-7a"/>
      </symbol>
      <symbol id="sm-1e7">
         <name>_DSP28x_DisableInt</name>
         <value>0x8935</value>
         <object_component_ref idref="oc-7f"/>
      </symbol>
      <symbol id="sm-1e8">
         <name>_DSP28x_RestoreInt</name>
         <value>0x8939</value>
         <object_component_ref idref="oc-7f"/>
      </symbol>
      <symbol id="sm-213">
         <name>_InitEPwm3Gpio</name>
         <value>0x8559</value>
         <object_component_ref idref="oc-15b"/>
      </symbol>
      <symbol id="sm-214">
         <name>_InitTzGpio</name>
         <value>0x85da</value>
         <object_component_ref idref="oc-15b"/>
      </symbol>
      <symbol id="sm-215">
         <name>_InitEPwm2Gpio</name>
         <value>0x8547</value>
         <object_component_ref idref="oc-15b"/>
      </symbol>
      <symbol id="sm-216">
         <name>_InitEPwm1Gpio</name>
         <value>0x8535</value>
         <object_component_ref idref="oc-15b"/>
      </symbol>
      <symbol id="sm-217">
         <name>_InitEPwm7Gpio</name>
         <value>0x85a5</value>
         <object_component_ref idref="oc-15b"/>
      </symbol>
      <symbol id="sm-218">
         <name>_InitEPwm8Gpio</name>
         <value>0x85b7</value>
         <object_component_ref idref="oc-15b"/>
      </symbol>
      <symbol id="sm-219">
         <name>_InitEPwm6Gpio</name>
         <value>0x8593</value>
         <object_component_ref idref="oc-15b"/>
      </symbol>
      <symbol id="sm-21a">
         <name>_InitEPwmGpio</name>
         <value>0x8524</value>
         <object_component_ref idref="oc-15b"/>
      </symbol>
      <symbol id="sm-21b">
         <name>_InitEPwm5Gpio</name>
         <value>0x8581</value>
         <object_component_ref idref="oc-15b"/>
      </symbol>
      <symbol id="sm-21c">
         <name>_InitEPwm4Gpio</name>
         <value>0x856d</value>
         <object_component_ref idref="oc-15b"/>
      </symbol>
      <symbol id="sm-21d">
         <name>_InitEPwmSyncGpio</name>
         <value>0x85c9</value>
         <object_component_ref idref="oc-15b"/>
      </symbol>
      <symbol id="sm-21e">
         <name>_InitEPwm</name>
         <value>0x8523</value>
         <object_component_ref idref="oc-15b"/>
      </symbol>
      <symbol id="sm-2a1">
         <name>_Usb0Regs</name>
         <value>0x4000</value>
         <object_component_ref idref="oc-d6"/>
      </symbol>
      <symbol id="sm-2a2">
         <name>_GpioCtrlRegs</name>
         <value>0x6f80</value>
         <object_component_ref idref="oc-cd"/>
      </symbol>
      <symbol id="sm-2a3">
         <name>_PieVectTable</name>
         <value>0xd00</value>
         <object_component_ref idref="oc-d4"/>
      </symbol>
      <symbol id="sm-2a4">
         <name>_SysPwrCtrlRegs</name>
         <value>0x985</value>
         <object_component_ref idref="oc-a3"/>
      </symbol>
      <symbol id="sm-2a5">
         <name>_EmuBMode</name>
         <value>0xd01</value>
         <object_component_ref idref="oc-a0"/>
      </symbol>
      <symbol id="sm-2a6">
         <name>_CsmRegs</name>
         <value>0xae0</value>
         <object_component_ref idref="oc-b1"/>
      </symbol>
      <symbol id="sm-2a7">
         <name>_ECanaLAMRegs</name>
         <value>0x6040</value>
         <object_component_ref idref="oc-c8"/>
      </symbol>
      <symbol id="sm-2a8">
         <name>_AdcResult</name>
         <value>0xb00</value>
         <object_component_ref idref="oc-b4"/>
      </symbol>
      <symbol id="sm-2a9">
         <name>_EPwm4Regs</name>
         <value>0x68c0</value>
         <object_component_ref idref="oc-cf"/>
      </symbol>
      <symbol id="sm-2aa">
         <name>_CpuTimer1Regs</name>
         <value>0xc08</value>
         <object_component_ref idref="oc-a8"/>
      </symbol>
      <symbol id="sm-2ab">
         <name>_SysCtrlRegs</name>
         <value>0x7010</value>
         <object_component_ref idref="oc-c3"/>
      </symbol>
      <symbol id="sm-2ac">
         <name>_HRCap4Regs</name>
         <value>0x6ca0</value>
         <object_component_ref idref="oc-b9"/>
      </symbol>
      <symbol id="sm-2ad">
         <name>_EPwm5Regs</name>
         <value>0x6900</value>
         <object_component_ref idref="oc-d0"/>
      </symbol>
      <symbol id="sm-2ae">
         <name>_SpiaRegs</name>
         <value>0x7040</value>
         <object_component_ref idref="oc-b3"/>
      </symbol>
      <symbol id="sm-2af">
         <name>_ECanaMOTSRegs</name>
         <value>0x6080</value>
         <object_component_ref idref="oc-c9"/>
      </symbol>
      <symbol id="sm-2b0">
         <name>_DmaRegs</name>
         <value>0x1000</value>
         <object_component_ref idref="oc-d3"/>
      </symbol>
      <symbol id="sm-2b1">
         <name>_FlashRegs</name>
         <value>0xa80</value>
         <object_component_ref idref="oc-ac"/>
      </symbol>
      <symbol id="sm-2b2">
         <name>_CpuTimer0Regs</name>
         <value>0xc00</value>
         <object_component_ref idref="oc-a9"/>
      </symbol>
      <symbol id="sm-2b3">
         <name>_DevEmuRegs</name>
         <value>0x880</value>
         <object_component_ref idref="oc-a4"/>
      </symbol>
      <symbol id="sm-2b4">
         <name>_EPwm6Regs</name>
         <value>0x6940</value>
         <object_component_ref idref="oc-cc"/>
      </symbol>
      <symbol id="sm-2b5">
         <name>_Comp1Regs</name>
         <value>0x6400</value>
         <object_component_ref idref="oc-a6"/>
      </symbol>
      <symbol id="sm-2b6">
         <name>_SciaRegs</name>
         <value>0x7050</value>
         <object_component_ref idref="oc-ae"/>
      </symbol>
      <symbol id="sm-2b7">
         <name>_GpioDataRegs</name>
         <value>0x6fc0</value>
         <object_component_ref idref="oc-bb"/>
      </symbol>
      <symbol id="sm-2b8">
         <name>_CsmPwl</name>
         <value>0x3f7ff8</value>
         <object_component_ref idref="oc-aa"/>
      </symbol>
      <symbol id="sm-2b9">
         <name>_AdcRegs</name>
         <value>0x7100</value>
         <object_component_ref idref="oc-d2"/>
      </symbol>
      <symbol id="sm-2ba">
         <name>_EPwm7Regs</name>
         <value>0x6980</value>
         <object_component_ref idref="oc-cb"/>
      </symbol>
      <symbol id="sm-2bb">
         <name>_Comp2Regs</name>
         <value>0x6420</value>
         <object_component_ref idref="oc-a7"/>
      </symbol>
      <symbol id="sm-2bc">
         <name>_XIntruptRegs</name>
         <value>0x7070</value>
         <object_component_ref idref="oc-b0"/>
      </symbol>
      <symbol id="sm-2bd">
         <name>_CpuTimer2Regs</name>
         <value>0xc10</value>
         <object_component_ref idref="oc-ab"/>
      </symbol>
      <symbol id="sm-2be">
         <name>_HRCap1Regs</name>
         <value>0x6ac0</value>
         <object_component_ref idref="oc-b8"/>
      </symbol>
      <symbol id="sm-2bf">
         <name>_PieCtrlRegs</name>
         <value>0xce0</value>
         <object_component_ref idref="oc-b5"/>
      </symbol>
      <symbol id="sm-2c0">
         <name>_SpibRegs</name>
         <value>0x7740</value>
         <object_component_ref idref="oc-b2"/>
      </symbol>
      <symbol id="sm-2c1">
         <name>_ECanaRegs</name>
         <value>0x6000</value>
         <object_component_ref idref="oc-c4"/>
      </symbol>
      <symbol id="sm-2c2">
         <name>_Comp3Regs</name>
         <value>0x6440</value>
         <object_component_ref idref="oc-a5"/>
      </symbol>
      <symbol id="sm-2c3">
         <name>_ECap1Regs</name>
         <value>0x6a00</value>
         <object_component_ref idref="oc-bd"/>
      </symbol>
      <symbol id="sm-2c4">
         <name>_EmuKey</name>
         <value>0xd00</value>
         <object_component_ref idref="oc-9f"/>
      </symbol>
      <symbol id="sm-2c5">
         <name>_Cla1Regs</name>
         <value>0x1400</value>
         <object_component_ref idref="oc-ca"/>
      </symbol>
      <symbol id="sm-2c6">
         <name>_EQep1Regs</name>
         <value>0x6b00</value>
         <object_component_ref idref="oc-c1"/>
      </symbol>
      <symbol id="sm-2c7">
         <name>_McbspaRegs</name>
         <value>0x5000</value>
         <object_component_ref idref="oc-c2"/>
      </symbol>
      <symbol id="sm-2c8">
         <name>_EPwm1Regs</name>
         <value>0x6800</value>
         <object_component_ref idref="oc-c7"/>
      </symbol>
      <symbol id="sm-2c9">
         <name>_ScibRegs</name>
         <value>0x7750</value>
         <object_component_ref idref="oc-ad"/>
      </symbol>
      <symbol id="sm-2ca">
         <name>_ECap2Regs</name>
         <value>0x6a20</value>
         <object_component_ref idref="oc-bc"/>
      </symbol>
      <symbol id="sm-2cb">
         <name>_GpioIntRegs</name>
         <value>0x6fe0</value>
         <object_component_ref idref="oc-ba"/>
      </symbol>
      <symbol id="sm-2cc">
         <name>_EQep2Regs</name>
         <value>0x6b40</value>
         <object_component_ref idref="oc-bf"/>
      </symbol>
      <symbol id="sm-2cd">
         <name>_PartIdRegs</name>
         <value>0x3d7e80</value>
         <object_component_ref idref="oc-9e"/>
      </symbol>
      <symbol id="sm-2ce">
         <name>_HRCap3Regs</name>
         <value>0x6c80</value>
         <object_component_ref idref="oc-b7"/>
      </symbol>
      <symbol id="sm-2cf">
         <name>_EPwm8Regs</name>
         <value>0x69c0</value>
         <object_component_ref idref="oc-ce"/>
      </symbol>
      <symbol id="sm-2d0">
         <name>_Flash_CPUScaleFactor</name>
         <value>0xd04</value>
         <object_component_ref idref="oc-a2"/>
      </symbol>
      <symbol id="sm-2d1">
         <name>_EPwm2Regs</name>
         <value>0x6840</value>
         <object_component_ref idref="oc-c6"/>
      </symbol>
      <symbol id="sm-2d2">
         <name>_ECanaMboxes</name>
         <value>0x6100</value>
         <object_component_ref idref="oc-d5"/>
      </symbol>
      <symbol id="sm-2d3">
         <name>_ECap3Regs</name>
         <value>0x6a40</value>
         <object_component_ref idref="oc-be"/>
      </symbol>
      <symbol id="sm-2d4">
         <name>_HRCap2Regs</name>
         <value>0x6ae0</value>
         <object_component_ref idref="oc-b6"/>
      </symbol>
      <symbol id="sm-2d5">
         <name>_NmiIntruptRegs</name>
         <value>0x7060</value>
         <object_component_ref idref="oc-af"/>
      </symbol>
      <symbol id="sm-2d6">
         <name>_ECanaMOTORegs</name>
         <value>0x60c0</value>
         <object_component_ref idref="oc-c5"/>
      </symbol>
      <symbol id="sm-2d7">
         <name>_Flash_CallbackPtr</name>
         <value>0xd02</value>
         <object_component_ref idref="oc-a1"/>
      </symbol>
      <symbol id="sm-2d8">
         <name>_EPwm3Regs</name>
         <value>0x6880</value>
         <object_component_ref idref="oc-d1"/>
      </symbol>
      <symbol id="sm-2d9">
         <name>_I2caRegs</name>
         <value>0x7900</value>
         <object_component_ref idref="oc-c0"/>
      </symbol>
      <symbol id="sm-322">
         <name>_InitPieCtrl</name>
         <value>0x8878</value>
         <object_component_ref idref="oc-155"/>
      </symbol>
      <symbol id="sm-323">
         <name>_EnableInterrupts</name>
         <value>0x8897</value>
         <object_component_ref idref="oc-155"/>
      </symbol>
      <symbol id="sm-334">
         <name>_PieVectTableInit</name>
         <value>0xa000</value>
         <object_component_ref idref="oc-fc"/>
      </symbol>
      <symbol id="sm-335">
         <name>_InitPieVectTable</name>
         <value>0x88a0</value>
         <object_component_ref idref="oc-156"/>
      </symbol>
      <symbol id="sm-34c">
         <name>_InitSpibGpio</name>
         <value>0x87db</value>
         <object_component_ref idref="oc-15c"/>
      </symbol>
      <symbol id="sm-34d">
         <name>_InitSpiaGpio</name>
         <value>0x87b5</value>
         <object_component_ref idref="oc-15c"/>
      </symbol>
      <symbol id="sm-34e">
         <name>_InitSpiGpio</name>
         <value>0x87b0</value>
         <object_component_ref idref="oc-15c"/>
      </symbol>
      <symbol id="sm-34f">
         <name>_InitSpi</name>
         <value>0x87af</value>
         <object_component_ref idref="oc-15c"/>
      </symbol>
      <symbol id="sm-367">
         <name>_InitPll</name>
         <value>0x83c7</value>
         <object_component_ref idref="oc-154"/>
      </symbol>
      <symbol id="sm-368">
         <name>_IntOsc1Sel</name>
         <value>0x84d5</value>
         <object_component_ref idref="oc-154"/>
      </symbol>
      <symbol id="sm-369">
         <name>_ExtOscSel</name>
         <value>0x850d</value>
         <object_component_ref idref="oc-154"/>
      </symbol>
      <symbol id="sm-36a">
         <name>_DisableDog</name>
         <value>0x83bf</value>
         <object_component_ref idref="oc-154"/>
      </symbol>
      <symbol id="sm-36b">
         <name>_InitPeripheralClocks</name>
         <value>0x844a</value>
         <object_component_ref idref="oc-154"/>
      </symbol>
      <symbol id="sm-36c">
         <name>_IntOsc2Sel</name>
         <value>0x84e5</value>
         <object_component_ref idref="oc-154"/>
      </symbol>
      <symbol id="sm-36d">
         <name>_CsmUnlock</name>
         <value>0x84a4</value>
         <object_component_ref idref="oc-154"/>
      </symbol>
      <symbol id="sm-36e">
         <name>_InitPll2</name>
         <value>0x841c</value>
         <object_component_ref idref="oc-154"/>
      </symbol>
      <symbol id="sm-36f">
         <name>_ServiceDog</name>
         <value>0x83b5</value>
         <object_component_ref idref="oc-154"/>
      </symbol>
      <symbol id="sm-370">
         <name>_XtalOscSel</name>
         <value>0x84f9</value>
         <object_component_ref idref="oc-154"/>
      </symbol>
      <symbol id="sm-371">
         <name>_InitSysCtrl</name>
         <value>0x839b</value>
         <object_component_ref idref="oc-154"/>
      </symbol>
      <symbol id="sm-387">
         <name>_DSP28x_usDelay</name>
         <value>0x66</value>
         <object_component_ref idref="oc-115"/>
      </symbol>
      <symbol id="sm-394">
         <name>_config</name>
         <value>0x88c8</value>
         <object_component_ref idref="oc-151"/>
      </symbol>
      <symbol id="sm-3a1">
         <name>_initEPwm1</name>
         <value>0x86ba</value>
         <object_component_ref idref="oc-158"/>
      </symbol>
      <symbol id="sm-3a2">
         <name>_initEPwm2</name>
         <value>0x86fa</value>
         <object_component_ref idref="oc-158"/>
      </symbol>
      <symbol id="sm-3af">
         <name>_initEQep1</name>
         <value>0x873a</value>
         <object_component_ref idref="oc-157"/>
      </symbol>
      <symbol id="sm-3b0">
         <name>_initEQep2</name>
         <value>0x8775</value>
         <object_component_ref idref="oc-157"/>
      </symbol>
      <symbol id="sm-3c6">
         <name>_spiInterrupt</name>
         <value>0x85fb</value>
         <object_component_ref idref="oc-12a"/>
      </symbol>
      <symbol id="sm-3c7">
         <name>_spiWDT</name>
         <value>0x86ad</value>
         <object_component_ref idref="oc-12a"/>
      </symbol>
      <symbol id="sm-3c8">
         <name>_initSPI</name>
         <value>0x883f</value>
         <object_component_ref idref="oc-159"/>
      </symbol>
      <symbol id="sm-3d8">
         <name>_main</name>
         <value>0x8913</value>
         <object_component_ref idref="oc-14e"/>
      </symbol>
      <symbol id="sm-3d9">
         <name>_flagsSPI</name>
         <value>0xa104</value>
         <object_component_ref idref="oc-130"/>
      </symbol>
      <symbol id="sm-3da">
         <name>_test2</name>
         <value>0xa102</value>
         <object_component_ref idref="oc-130"/>
      </symbol>
      <symbol id="sm-3db">
         <name>_recievedComBuff</name>
         <value>0xa114</value>
         <object_component_ref idref="oc-130"/>
      </symbol>
      <symbol id="sm-3dc">
         <name>_test</name>
         <value>0xa100</value>
         <object_component_ref idref="oc-130"/>
      </symbol>
      <symbol id="sm-3dd">
         <name>_sentComBuff</name>
         <value>0xa10a</value>
         <object_component_ref idref="oc-130"/>
      </symbol>
      <symbol id="sm-3de">
         <name>_vitesse</name>
         <value>0xa108</value>
         <object_component_ref idref="oc-130"/>
      </symbol>
      <symbol id="sm-3df">
         <name>_ek</name>
         <value>0xa106</value>
         <object_component_ref idref="oc-130"/>
      </symbol>
      <symbol id="sm-3fa">
         <name>_c_int00</name>
         <value>0x87f9</value>
         <object_component_ref idref="oc-50"/>
      </symbol>
      <symbol id="sm-3fb">
         <name>__stack</name>
         <value>0x400</value>
         <object_component_ref idref="oc-135"/>
      </symbol>
      <symbol id="sm-40f">
         <name>C$$EXIT</name>
         <value>0x88fa</value>
         <object_component_ref idref="oc-14d"/>
      </symbol>
      <symbol id="sm-410">
         <name>_exit</name>
         <value>0x88fc</value>
         <object_component_ref idref="oc-14d"/>
      </symbol>
      <symbol id="sm-411">
         <name>___TI_cleanup_ptr</name>
         <value>0xa136</value>
         <object_component_ref idref="oc-13d"/>
      </symbol>
      <symbol id="sm-412">
         <name>_abort</name>
         <value>0x88fa</value>
         <object_component_ref idref="oc-14d"/>
      </symbol>
      <symbol id="sm-413">
         <name>___TI_dtors_ptr</name>
         <value>0xa138</value>
         <object_component_ref idref="oc-13d"/>
      </symbol>
      <symbol id="sm-428">
         <name>__unlock</name>
         <value>0xa13c</value>
         <object_component_ref idref="oc-15a"/>
      </symbol>
      <symbol id="sm-429">
         <name>__lock</name>
         <value>0xa13a</value>
         <object_component_ref idref="oc-14f"/>
      </symbol>
      <symbol id="sm-42a">
         <name>__register_lock</name>
         <value>0x8928</value>
         <object_component_ref idref="oc-152"/>
      </symbol>
      <symbol id="sm-42b">
         <name>__nop</name>
         <value>0x892c</value>
         <object_component_ref idref="oc-152"/>
      </symbol>
      <symbol id="sm-42c">
         <name>__register_unlock</name>
         <value>0x8924</value>
         <object_component_ref idref="oc-152"/>
      </symbol>
      <symbol id="sm-43c">
         <name>__args_main</name>
         <value>0x88e1</value>
         <object_component_ref idref="oc-14c"/>
      </symbol>
   </symbol_table>
   <title>Link successful</title>
</link_info>
